// Jest Snapshot v1, https://goo.gl/fbAQLP

exports[`test the reducer should test for chartReducer 1`] = `Object {}`;
